// Jest Snapshot v1, https://goo.gl/fbAQLP

exports[`should render ExpenseListItem with expense fixture 1`] = `
<div>
  <Link
    replace={false}
    to="/edit/4"
  >
    <h3>
      in n out
    </h3>
  </Link>
  <p>
    $4.00
    -
    December 31st 1969
  </p>
</div>
`;
