// Jest Snapshot v1, https://goo.gl/fbAQLP

exports[`should render LoginPage component 1`] = `
<div
  className="box-layout"
>
  <div
    className="box-layout__box"
  >
    <h1
      className="box-layout__title"
    >
      Expensify
    </h1>
    <p>
      It's time to get your expenses under control
    </p>
    <div
      className="box-layout__action"
    >
      <button
        className="button"
      >
        Login with Google
      </button>
    </div>
    <div
      className="box-layout__action"
    >
      <button
        className="button--secondary"
      >
        Login with Github
      </button>
    </div>
  </div>
</div>
`;
